// Jest Snapshot v1, https://goo.gl/fbAQLP

exports[`SqrtPriceMath #getAmount0Delta gas cost for amount0 where roundUp = true 1`] = `475`;

exports[`SqrtPriceMath #getAmount0Delta gas cost for amount0 where roundUp = true 2`] = `475`;

exports[`SqrtPriceMath #getAmount1Delta gas cost for amount0 where roundUp = false 1`] = `475`;

exports[`SqrtPriceMath #getAmount1Delta gas cost for amount0 where roundUp = true 1`] = `475`;

exports[`SqrtPriceMath #getNextSqrtPriceFromInput zeroForOne = false gas 1`] = `469`;

exports[`SqrtPriceMath #getNextSqrtPriceFromInput zeroForOne = true gas 1`] = `683`;

exports[`SqrtPriceMath #getNextSqrtPriceFromOutput zeroForOne = false gas 1`] = `755`;

exports[`SqrtPriceMath #getNextSqrtPriceFromOutput zeroForOne = true gas 1`] = `329`;
